.................                                                        [100%]
=============================== warnings summary ===============================
project/geodata-3d-conditional/tests/test_dike_demo_tools.py::test_observability_artifacts_are_saved
project/geodata-3d-conditional/tests/test_dike_demo_tools.py::test_observability_artifacts_are_saved
project/geodata-3d-conditional/tests/test_dike_demo_tools.py::test_observability_artifacts_are_saved
project/geodata-3d-conditional/tests/test_dike_demo_tools.py::test_observability_artifacts_are_saved
project/geodata-3d-conditional/tests/test_dike_demo_tools.py::test_observability_artifacts_are_saved
project/geodata-3d-conditional/tests/test_dike_demo_tools.py::test_observability_artifacts_are_saved
  /home/xmj/mcy/flowtrain_stochastic_interpolation-main/.venv/lib/python3.10/site-packages/matplotlib/_fontconfig_pattern.py:88: PyparsingDeprecationWarning: 'parseString' deprecated - use 'parse_string'
    parse = parser.parseString(pattern)

project/geodata-3d-conditional/tests/test_dike_demo_tools.py::test_observability_artifacts_are_saved
project/geodata-3d-conditional/tests/test_dike_demo_tools.py::test_observability_artifacts_are_saved
project/geodata-3d-conditional/tests/test_dike_demo_tools.py::test_observability_artifacts_are_saved
project/geodata-3d-conditional/tests/test_dike_demo_tools.py::test_observability_artifacts_are_saved
project/geodata-3d-conditional/tests/test_dike_demo_tools.py::test_observability_artifacts_are_saved
project/geodata-3d-conditional/tests/test_dike_demo_tools.py::test_observability_artifacts_are_saved
  /home/xmj/mcy/flowtrain_stochastic_interpolation-main/.venv/lib/python3.10/site-packages/matplotlib/_fontconfig_pattern.py:92: PyparsingDeprecationWarning: 'resetCache' deprecated - use 'reset_cache'
    parser.resetCache()

project/geodata-3d-conditional/tests/test_dike_demo_tools.py::test_observability_artifacts_are_saved
  /home/xmj/mcy/flowtrain_stochastic_interpolation-main/.venv/lib/python3.10/site-packages/matplotlib/_mathtext.py:45: PyparsingDeprecationWarning: 'enablePackrat' deprecated - use 'enable_packrat'
    ParserElement.enablePackrat()

-- Docs: https://docs.pytest.org/en/stable/how-to/capture-warnings.html
17 passed, 13 warnings in 9.86s
